
Running Gradle task 'assembleDebug'...                             25.3s
✓ Built build/app/outputs/flutter-apk/app-debug.apk
