00:00 +0: loading /disk2/Test/rtm_visit_tracker/test/unit/statistics_repository_test.dart                                                                                                              00:01 +0: loading /disk2/Test/rtm_visit_tracker/test/unit/statistics_repository_test.dart                                                                                                              00:02 +0: loading /disk2/Test/rtm_visit_tracker/test/unit/statistics_repository_test.dart                                                                                                              00:03 +0: loading /disk2/Test/rtm_visit_tracker/test/unit/statistics_repository_test.dart                                                                                                              00:04 +0: loading /disk2/Test/rtm_visit_tracker/test/unit/statistics_repository_test.dart                                                                                                              00:05 +0: loading /disk2/Test/rtm_visit_tracker/test/unit/statistics_repository_test.dart                                                                                                              00:05 +0: /disk2/Test/rtm_visit_tracker/test/unit/statistics_repository_test.dart: getStatistics should return statistics when visits are fetched successfully                                         00:05 +1: /disk2/Test/rtm_visit_tracker/test/unit/statistics_repository_test.dart: getStatistics should return statistics when visits are fetched successfully                                         00:05 +1: /disk2/Test/rtm_visit_tracker/test/unit/statistics_repository_test.dart: getStatistics should return failure when visit repository fails                                                     00:05 +1 -1: /disk2/Test/rtm_visit_tracker/test/unit/statistics_repository_test.dart: getStatistics should return failure when visit repository fails [E]                                              
  Expected: Left<ServerFailure, dynamic>:<Left(Instance of 'ServerFailure')>
    Actual: Left<Failure, Statistics>:<Left(Instance of 'ServerFailure')>
  
  package:matcher                                     expect
  package:flutter_test/src/widget_tester.dart 474:18  expect
  test/unit/statistics_repository_test.dart 63:7      main.<fn>.<fn>
  

To run this test again: /usr/local/flutter/bin/cache/dart-sdk/bin/dart test /disk2/Test/rtm_visit_tracker/test/unit/statistics_repository_test.dart -p vm --plain-name 'getStatistics should return failure when visit repository fails'
00:06 +1 -1: loading /disk2/Test/rtm_visit_tracker/test/unit/activity_repository_test.dart                                                                                                             00:06 +1 -1: /disk2/Test/rtm_visit_tracker/test/unit/activity_repository_test.dart: getAllActivities should return remote data when device is online                                                   00:06 +1 -2: /disk2/Test/rtm_visit_tracker/test/unit/activity_repository_test.dart: getAllActivities should return remote data when device is online [E]                                               
  Expected: Right<dynamic, List<Activity>>:<Right([Activity(1, Test Activity, 2023-10-01 10:00:00.000Z)])>
    Actual: Right<Failure, List<Activity>>:<Right([Activity(1, Test Activity, 2023-10-01 10:00:00.000Z)])>
  
  package:matcher                                     expect
  package:flutter_test/src/widget_tester.dart 474:18  expect
  test/unit/activity_repository_test.dart 52:7        main.<fn>.<fn>
  

To run this test again: /usr/local/flutter/bin/cache/dart-sdk/bin/dart test /disk2/Test/rtm_visit_tracker/test/unit/activity_repository_test.dart -p vm --plain-name 'getAllActivities should return remote data when device is online'
00:06 +1 -2: /disk2/Test/rtm_visit_tracker/test/unit/activity_repository_test.dart: getAllActivities should return local data when device is offline                                                   00:07 +1 -3: /disk2/Test/rtm_visit_tracker/test/unit/activity_repository_test.dart: getAllActivities should return local data when device is offline                                                   00:07 +1 -3: /disk2/Test/rtm_visit_tracker/test/unit/activity_repository_test.dart: getAllActivities should return local data when device is offline [E]                                               
  Expected: Right<dynamic, List<Activity>>:<Right([Activity(1, Test Activity, 2023-10-01 10:00:00.000Z)])>
    Actual: Right<Failure, List<Activity>>:<Right([Activity(1, Test Activity, 2023-10-01 10:00:00.000Z)])>
  
  package:matcher                                     expect
  package:flutter_test/src/widget_tester.dart 474:18  expect
  test/unit/activity_repository_test.dart 66:7        main.<fn>.<fn>
  

To run this test again: /usr/local/flutter/bin/cache/dart-sdk/bin/dart test /disk2/Test/rtm_visit_tracker/test/unit/activity_repository_test.dart -p vm --plain-name 'getAllActivities should return local data when device is offline'
00:07 +1 -3: /disk2/Test/rtm_visit_tracker/test/unit/activity_repository_test.dart: getAllActivities should return failure when remote data source throws exception                                    00:07 +1 -4: /disk2/Test/rtm_visit_tracker/test/unit/activity_repository_test.dart: getAllActivities should return failure when remote data source throws exception [E]                                
  Expected: Left<ServerFailure, dynamic>:<Left(Instance of 'ServerFailure')>
    Actual: Left<Failure, List<Activity>>:<Left(Instance of 'ServerFailure')>
  
  package:matcher                                     expect
  package:flutter_test/src/widget_tester.dart 474:18  expect
  test/unit/activity_repository_test.dart 80:7        main.<fn>.<fn>
  

To run this test again: /usr/local/flutter/bin/cache/dart-sdk/bin/dart test /disk2/Test/rtm_visit_tracker/test/unit/activity_repository_test.dart -p vm --plain-name 'getAllActivities should return failure when remote data source throws exception'
00:09 +1 -4: loading /disk2/Test/rtm_visit_tracker/test/unit/visit_repository_test.dart                                                                                                                00:09 +1 -4: /disk2/Test/rtm_visit_tracker/test/unit/visit_repository_test.dart: getAllVisits should return remote data when device is online                                                          00:09 +1 -5: /disk2/Test/rtm_visit_tracker/test/unit/visit_repository_test.dart: getAllVisits should return remote data when device is online [E]                                                      
  Expected: Right<dynamic, List<Visit>>:<Right([Visit(1, 1, 2023-10-01 10:00:00.000Z, Completed, 123 Main St, Test visit, [1], 2023-10-01 10:00:00.000Z)])>
    Actual: Right<Failure, List<Visit>>:<Right([Visit(1, 1, 2023-10-01 10:00:00.000Z, Completed, 123 Main St, Test visit, [1], 2023-10-01 10:00:00.000Z)])>
  
  package:matcher                                     expect
  package:flutter_test/src/widget_tester.dart 474:18  expect
  test/unit/visit_repository_test.dart 58:7           main.<fn>.<fn>
  

To run this test again: /usr/local/flutter/bin/cache/dart-sdk/bin/dart test /disk2/Test/rtm_visit_tracker/test/unit/visit_repository_test.dart -p vm --plain-name 'getAllVisits should return remote data when device is online'
00:09 +1 -5: /disk2/Test/rtm_visit_tracker/test/unit/visit_repository_test.dart: getAllVisits should return local data when device is offline                                                          00:09 +1 -6: /disk2/Test/rtm_visit_tracker/test/unit/visit_repository_test.dart: getAllVisits should return local data when device is offline [E]                                                      
  Expected: Right<dynamic, List<Visit>>:<Right([Visit(1, 1, 2023-10-01 10:00:00.000Z, Completed, 123 Main St, Test visit, [1], 2023-10-01 10:00:00.000Z)])>
    Actual: Left<Failure, List<Visit>>:<Left(Instance of 'ServerFailure')>
  
  package:matcher                                     expect
  package:flutter_test/src/widget_tester.dart 474:18  expect
  test/unit/visit_repository_test.dart 74:7           main.<fn>.<fn>
  

To run this test again: /usr/local/flutter/bin/cache/dart-sdk/bin/dart test /disk2/Test/rtm_visit_tracker/test/unit/visit_repository_test.dart -p vm --plain-name 'getAllVisits should return local data when device is offline'
00:09 +1 -6: /disk2/Test/rtm_visit_tracker/test/unit/visit_repository_test.dart: getAllVisits should return failure when remote data source throws exception                                           00:10 +1 -7: /disk2/Test/rtm_visit_tracker/test/unit/visit_repository_test.dart: getAllVisits should return failure when remote data source throws exception                                           00:10 +1 -7: /disk2/Test/rtm_visit_tracker/test/unit/visit_repository_test.dart: getAllVisits should return failure when remote data source throws exception [E]                                       
  Expected: Left<ServerFailure, dynamic>:<Left(Instance of 'ServerFailure')>
    Actual: Left<Failure, List<Visit>>:<Left(Instance of 'ServerFailure')>
  
  package:matcher                                     expect
  package:flutter_test/src/widget_tester.dart 474:18  expect
  test/unit/visit_repository_test.dart 88:7           main.<fn>.<fn>
  

To run this test again: /usr/local/flutter/bin/cache/dart-sdk/bin/dart test /disk2/Test/rtm_visit_tracker/test/unit/visit_repository_test.dart -p vm --plain-name 'getAllVisits should return failure when remote data source throws exception'
00:10 +1 -7: /disk2/Test/rtm_visit_tracker/test/unit/visit_repository_test.dart: addVisit should add visit remotely when online                                                                        00:10 +1 -8: /disk2/Test/rtm_visit_tracker/test/unit/visit_repository_test.dart: addVisit should add visit remotely when online [E]                                                                    
  No matching calls. All calls: MockVisitRemoteDataSource.addVisit(Instance of 'VisitModel')
  (If you called `verify(...).called(0);`, please instead use `verifyNever(...);`.)
  package:matcher                              fail
  package:mockito/src/mock.dart 797:7          _VerifyCall._checkWith
  package:mockito/src/mock.dart 1071:18        _makeVerify.<fn>
  test/unit/visit_repository_test.dart 105:13  main.<fn>.<fn>
  

To run this test again: /usr/local/flutter/bin/cache/dart-sdk/bin/dart test /disk2/Test/rtm_visit_tracker/test/unit/visit_repository_test.dart -p vm --plain-name 'addVisit should add visit remotely when online'
00:10 +1 -8: /disk2/Test/rtm_visit_tracker/test/unit/visit_repository_test.dart: addVisit should cache visit locally when offline                                                                      00:10 +1 -9: /disk2/Test/rtm_visit_tracker/test/unit/visit_repository_test.dart: addVisit should cache visit locally when offline [E]                                                                  
  Expected: Right<dynamic, Visit>:<Right(Visit(1, 1, 2023-10-01 10:00:00.000Z, Completed, 123 Main St, Test visit, [1], 2023-10-01 10:00:00.000Z))>
    Actual: Left<Failure, Visit>:<Left(Instance of 'ServerFailure')>
  
  package:matcher                                     expect
  package:flutter_test/src/widget_tester.dart 474:18  expect
  test/unit/visit_repository_test.dart 118:7          main.<fn>.<fn>
  

To run this test again: /usr/local/flutter/bin/cache/dart-sdk/bin/dart test /disk2/Test/rtm_visit_tracker/test/unit/visit_repository_test.dart -p vm --plain-name 'addVisit should cache visit locally when offline'
00:10 +1 -9: loading /disk2/Test/rtm_visit_tracker/test/unit/customer_repository_test.dart                                                                                                             00:10 +1 -9: /disk2/Test/rtm_visit_tracker/test/unit/customer_repository_test.dart: getAllCustomers should return remote data when device is online                                                    00:11 +1 -10: /disk2/Test/rtm_visit_tracker/test/unit/customer_repository_test.dart: getAllCustomers should return remote data when device is online                                                   00:11 +1 -10: /disk2/Test/rtm_visit_tracker/test/unit/customer_repository_test.dart: getAllCustomers should return remote data when device is online [E]                                               
  Expected: Right<dynamic, List<Customer>>:<Right([Customer(1, Test Customer, 2023-10-01 10:00:00.000Z)])>
    Actual: Right<Failure, List<Customer>>:<Right([Customer(1, Test Customer, 2023-10-01 10:00:00.000Z)])>
  
  package:matcher                                     expect
  package:flutter_test/src/widget_tester.dart 474:18  expect
  test/unit/customer_repository_test.dart 52:7        main.<fn>.<fn>
  

To run this test again: /usr/local/flutter/bin/cache/dart-sdk/bin/dart test /disk2/Test/rtm_visit_tracker/test/unit/customer_repository_test.dart -p vm --plain-name 'getAllCustomers should return remote data when device is online'
00:11 +1 -10: /disk2/Test/rtm_visit_tracker/test/unit/customer_repository_test.dart: getAllCustomers should return local data when device is offline                                                   00:11 +1 -11: /disk2/Test/rtm_visit_tracker/test/unit/customer_repository_test.dart: getAllCustomers should return local data when device is offline [E]                                               
  Expected: Right<dynamic, List<Customer>>:<Right([Customer(1, Test Customer, 2023-10-01 10:00:00.000Z)])>
    Actual: Right<Failure, List<Customer>>:<Right([Customer(1, Test Customer, 2023-10-01 10:00:00.000Z)])>
  
  package:matcher                                     expect
  package:flutter_test/src/widget_tester.dart 474:18  expect
  test/unit/customer_repository_test.dart 66:7        main.<fn>.<fn>
  

To run this test again: /usr/local/flutter/bin/cache/dart-sdk/bin/dart test /disk2/Test/rtm_visit_tracker/test/unit/customer_repository_test.dart -p vm --plain-name 'getAllCustomers should return local data when device is offline'
00:11 +1 -11: /disk2/Test/rtm_visit_tracker/test/unit/customer_repository_test.dart: getAllCustomers should return failure when remote data source throws exception                                    00:11 +1 -12: /disk2/Test/rtm_visit_tracker/test/unit/customer_repository_test.dart: getAllCustomers should return failure when remote data source throws exception [E]                                
  Expected: Left<ServerFailure, dynamic>:<Left(Instance of 'ServerFailure')>
    Actual: Left<Failure, List<Customer>>:<Left(Instance of 'ServerFailure')>
  
  package:matcher                                     expect
  package:flutter_test/src/widget_tester.dart 474:18  expect
  test/unit/customer_repository_test.dart 80:7        main.<fn>.<fn>
  

To run this test again: /usr/local/flutter/bin/cache/dart-sdk/bin/dart test /disk2/Test/rtm_visit_tracker/test/unit/customer_repository_test.dart -p vm --plain-name 'getAllCustomers should return failure when remote data source throws exception'
00:13 +1 -12: loading /disk2/Test/rtm_visit_tracker/test/widget/visit_list_screen_test.dart                                                                                                            00:13 +1 -12: /disk2/Test/rtm_visit_tracker/test/widget/visit_list_screen_test.dart: displays loading skeleton when VisitBloc is loading                                                               00:14 +1 -12: /disk2/Test/rtm_visit_tracker/test/widget/visit_list_screen_test.dart: displays loading skeleton when VisitBloc is loading                                                               00:15 +1 -12: /disk2/Test/rtm_visit_tracker/test/widget/visit_list_screen_test.dart: displays loading skeleton when VisitBloc is loading                                                               00:15 +1 -12: /disk2/Test/rtm_visit_tracker/test/widget/visit_list_screen_test.dart: displays loading skeleton when VisitBloc is loading                                                               
══╡ EXCEPTION CAUGHT BY WIDGETS LIBRARY ╞═══════════════════════════════════════════════════════════
The following MissingStubError was thrown building _InheritedProviderScope<CustomerBloc?>:
'stream'
No stub was found which matches the arguments of this method call:
stream

Add a stub for this method using Mockito's 'when' API, or generate the MockVisitBloc mock with the
@GenerateNiceMocks annotation (see
https://pub.dev/documentation/mockito/latest/annotations/MockSpec-class.html).

The relevant error-causing widget was:
  _InheritedProviderScope<CustomerBloc?>
  _InheritedProviderScope:file:///home/joeli/.pub-cache/hosted/pub.dev/provider-6.1.5/lib/src/inherited_provider.dart:164:12

When the exception was thrown, this was the stack:
#0      Mock._noSuchMethod (package:mockito/src/mock.dart:192:7)
#1      Mock.noSuchMethod (package:mockito/src/mock.dart:186:47)
#2      MockVisitBloc.stream (file:///disk2/Test/rtm_visit_tracker/test/widget/visit_list_screen_test.mocks.dart:163:51)
#3      BlocProvider._startListening (package:flutter_bloc/src/bloc_provider.dart:140:32)
#4      _ValueInheritedProviderState.value (package:provider/src/inherited_provider.dart:939:50)
#5      _InheritedProviderScopeElement.value (package:provider/src/inherited_provider.dart:603:33)
#6      Provider.of (package:provider/src/provider.dart:337:37)
#7      ReadContext.read (package:provider/src/provider.dart:683:21)
#8      VisitListScreenState.initState (package:rtm_visit_tracker/features/visits/presentation/screens/visit_list_screen.dart:26:13)
#9      StatefulElement._firstBuild (package:flutter/src/widgets/framework.dart:5860:55)
#10     ComponentElement.mount (package:flutter/src/widgets/framework.dart:5709:5)
...     Normal element mounting (7 frames)
#17     _InheritedProviderScopeElement.mount (package:provider/src/inherited_provider.dart:424:11)
...     Normal element mounting (7 frames)
#24     SingleChildWidgetElementMixin.mount (package:nested/nested.dart:222:11)
...     Normal element mounting (7 frames)
#31     SingleChildWidgetElementMixin.mount (package:nested/nested.dart:222:11)
...     Normal element mounting (7 frames)
#38     _NestedHookElement.mount (package:nested/nested.dart:187:11)
...     Normal element mounting (7 frames)
#45     _InheritedProviderScopeElement.mount (package:provider/src/inherited_provider.dart:424:11)
...     Normal element mounting (7 frames)
#52     SingleChildWidgetElementMixin.mount (package:nested/nested.dart:222:11)
...     Normal element mounting (7 frames)
#59     SingleChildWidgetElementMixin.mount (package:nested/nested.dart:222:11)
...     Normal element mounting (7 frames)
#66     _NestedHookElement.mount (package:nested/nested.dart:187:11)
...     Normal element mounting (7 frames)
#73     SingleChildWidgetElementMixin.mount (package:nested/nested.dart:222:11)
...     Normal element mounting (228 frames)
#301    Element.inflateWidget (package:flutter/src/widgets/framework.dart:4555:16)
#302    MultiChildRenderObjectElement.inflateWidget (package:flutter/src/widgets/framework.dart:7178:36)
#303    MultiChildRenderObjectElement.mount (package:flutter/src/widgets/framework.dart:7194:32)
...     Normal element mounting (457 frames)
#760    Element.inflateWidget (package:flutter/src/widgets/framework.dart:4555:16)
#761    Element.updateChild (package:flutter/src/widgets/framework.dart:4014:20)
#762    ComponentElement.performRebuild (package:flutter/src/widgets/framework.dart:5756:16)
#763    Element.rebuild (package:flutter/src/widgets/framework.dart:5445:7)
#764    ProxyElement.update (package:flutter/src/widgets/framework.dart:6059:5)
#765    _InheritedNotifierElement.update (package:flutter/src/widgets/inherited_notifier.dart:108:11)
#766    Element.updateChild (package:flutter/src/widgets/framework.dart:3998:15)
#767    ComponentElement.performRebuild (package:flutter/src/widgets/framework.dart:5756:16)
#768    StatefulElement.performRebuild (package:flutter/src/widgets/framework.dart:5892:11)
#769    Element.rebuild (package:flutter/src/widgets/framework.dart:5445:7)
#770    StatefulElement.update (package:flutter/src/widgets/framework.dart:5917:5)
#771    Element.updateChild (package:flutter/src/widgets/framework.dart:3998:15)
#772    ComponentElement.performRebuild (package:flutter/src/widgets/framework.dart:5756:16)
#773    Element.rebuild (package:flutter/src/widgets/framework.dart:5445:7)
#774    ProxyElement.update (package:flutter/src/widgets/framework.dart:6059:5)
#775    _InheritedNotifierElement.update (package:flutter/src/widgets/inherited_notifier.dart:108:11)
#776    Element.updateChild (package:flutter/src/widgets/framework.dart:3998:15)
#777    ComponentElement.performRebuild (package:flutter/src/widgets/framework.dart:5756:16)
#778    StatefulElement.performRebuild (package:flutter/src/widgets/framework.dart:5892:11)
#779    Element.rebuild (package:flutter/src/widgets/framework.dart:5445:7)
#780    StatefulElement.update (package:flutter/src/widgets/framework.dart:5917:5)
#781    Element.updateChild (package:flutter/src/widgets/framework.dart:3998:15)
#782    ComponentElement.performRebuild (package:flutter/src/widgets/framework.dart:5756:16)
#783    StatefulElement.performRebuild (package:flutter/src/widgets/framework.dart:5892:11)
#784    Element.rebuild (package:flutter/src/widgets/framework.dart:5445:7)
#785    StatefulElement.update (package:flutter/src/widgets/framework.dart:5917:5)
#786    Element.updateChild (package:flutter/src/widgets/framework.dart:3998:15)
#787    ComponentElement.performRebuild (package:flutter/src/widgets/framework.dart:5756:16)
#788    Element.rebuild (package:flutter/src/widgets/framework.dart:5445:7)
#789    ProxyElement.update (package:flutter/src/widgets/framework.dart:6059:5)
#790    Element.updateChild (package:flutter/src/widgets/framework.dart:3998:15)
#791    ComponentElement.performRebuild (package:flutter/src/widgets/framework.dart:5756:16)
#792    StatefulElement.performRebuild (package:flutter/src/widgets/framework.dart:5892:11)
#793    Element.rebuild (package:flutter/src/widgets/framework.dart:5445:7)
#794    StatefulElement.update (package:flutter/src/widgets/framework.dart:5917:5)
#795    Element.updateChild (package:flutter/src/widgets/framework.dart:3998:15)
#796    ComponentElement.performRebuild (package:flutter/src/widgets/framework.dart:5756:16)
#797    Element.rebuild (package:flutter/src/widgets/framework.dart:5445:7)
#798    ProxyElement.update (package:flutter/src/widgets/framework.dart:6059:5)
#799    Element.updateChild (package:flutter/src/widgets/framework.dart:3998:15)
#800    ComponentElement.performRebuild (package:flutter/src/widgets/framework.dart:5756:16)
#801    Element.rebuild (package:flutter/src/widgets/framework.dart:5445:7)
#802    ProxyElement.update (package:flutter/src/widgets/framework.dart:6059:5)
#803    Element.updateChild (package:flutter/src/widgets/framework.dart:3998:15)
#804    _RawViewElement._updateChild (package:flutter/src/widgets/view.dart:481:16)
#805    _RawViewElement.update (package:flutter/src/widgets/view.dart:569:5)
#806    Element.updateChild (package:flutter/src/widgets/framework.dart:3998:15)
#807    ComponentElement.performRebuild (package:flutter/src/widgets/framework.dart:5756:16)
#808    Element.rebuild (package:flutter/src/widgets/framework.dart:5445:7)
#809    StatelessElement.update (package:flutter/src/widgets/framework.dart:5805:5)
#810    Element.updateChild (package:flutter/src/widgets/framework.dart:3998:15)
#811    ComponentElement.performRebuild (package:flutter/src/widgets/framework.dart:5756:16)
#812    StatefulElement.performRebuild (package:flutter/src/widgets/framework.dart:5892:11)
#813    Element.rebuild (package:flutter/src/widgets/framework.dart:5445:7)
#814    StatefulElement.update (package:flutter/src/widgets/framework.dart:5917:5)
#815    Element.updateChild (package:flutter/src/widgets/framework.dart:3998:15)
#816    RootElement._rebuild (package:flutter/src/widgets/binding.dart:1687:16)
#817    RootElement.update (package:flutter/src/widgets/binding.dart:1665:5)
#818    RootElement.performRebuild (package:flutter/src/widgets/binding.dart:1679:7)
#819    Element.rebuild (package:flutter/src/widgets/framework.dart:5445:7)
#820    BuildScope._tryRebuild (package:flutter/src/widgets/framework.dart:2704:15)
#821    BuildScope._flushDirtyElements (package:flutter/src/widgets/framework.dart:2762:11)
#822    BuildOwner.buildScope (package:flutter/src/widgets/framework.dart:3066:18)
#823    AutomatedTestWidgetsFlutterBinding.drawFrame (package:flutter_test/src/binding.dart:1495:19)
#824    RendererBinding._handlePersistentFrameCallback (package:flutter/src/rendering/binding.dart:482:5)
#825    SchedulerBinding._invokeFrameCallback (package:flutter/src/scheduler/binding.dart:1442:15)
#826    SchedulerBinding.handleDrawFrame (package:flutter/src/scheduler/binding.dart:1355:9)
#827    AutomatedTestWidgetsFlutterBinding.pump.<anonymous closure> (package:flutter_test/src/binding.dart:1340:9)
#830    TestAsyncUtils.guard (package:flutter_test/src/test_async_utils.dart:74:41)
#831    AutomatedTestWidgetsFlutterBinding.pump (package:flutter_test/src/binding.dart:1329:27)
#832    WidgetTester.pumpWidget.<anonymous closure> (package:flutter_test/src/widget_tester.dart:599:22)
#835    TestAsyncUtils.guard (package:flutter_test/src/test_async_utils.dart:74:41)
#836    WidgetTester.pumpWidget (package:flutter_test/src/widget_tester.dart:596:27)
#837    main.<anonymous closure> (file:///disk2/Test/rtm_visit_tracker/test/widget/visit_list_screen_test.dart:53:18)
#838    testWidgets.<anonymous closure>.<anonymous closure> (package:flutter_test/src/widget_tester.dart:193:29)
<asynchronous suspension>
#839    TestWidgetsFlutterBinding._runTestBody (package:flutter_test/src/binding.dart:1064:5)
<asynchronous suspension>
<asynchronous suspension>
(elided 5 frames from dart:async and package:stack_trace)

════════════════════════════════════════════════════════════════════════════════════════════════════
══╡ EXCEPTION CAUGHT BY FLUTTER TEST FRAMEWORK ╞════════════════════════════════════════════════════
The following TestFailure was thrown running a test:
Expected: at least one matching candidate
  Actual: _TypeWidgetFinder:<Found 0 widgets with type "Card": []>
   Which: means none were found but some were expected

When the exception was thrown, this was the stack:
#4      main.<anonymous closure> (file:///disk2/Test/rtm_visit_tracker/test/widget/visit_list_screen_test.dart:58:5)
<asynchronous suspension>
#5      testWidgets.<anonymous closure>.<anonymous closure> (package:flutter_test/src/widget_tester.dart:193:15)
<asynchronous suspension>
#6      TestWidgetsFlutterBinding._runTestBody (package:flutter_test/src/binding.dart:1064:5)
<asynchronous suspension>
<asynchronous suspension>
(elided one frame from package:stack_trace)

This was caught by the test expectation on the following line:
  file:///disk2/Test/rtm_visit_tracker/test/widget/visit_list_screen_test.dart line 58
The test description was:
  displays loading skeleton when VisitBloc is loading
════════════════════════════════════════════════════════════════════════════════════════════════════
══╡ EXCEPTION CAUGHT BY FLUTTER TEST FRAMEWORK ╞════════════════════════════════════════════════════
The following message was thrown:
Multiple exceptions (2) were detected during the running of the current test, and at least one was
unexpected.
════════════════════════════════════════════════════════════════════════════════════════════════════
00:15 +1 -13: /disk2/Test/rtm_visit_tracker/test/widget/visit_list_screen_test.dart: displays loading skeleton when VisitBloc is loading [E]                                                           
  Test failed. See exception logs above.
  The test description was: displays loading skeleton when VisitBloc is loading
  

To run this test again: /usr/local/flutter/bin/cache/dart-sdk/bin/dart test /disk2/Test/rtm_visit_tracker/test/widget/visit_list_screen_test.dart -p vm --plain-name 'displays loading skeleton when VisitBloc is loading'
00:15 +1 -13: /disk2/Test/rtm_visit_tracker/test/widget/visit_list_screen_test.dart: displays visits when VisitBloc is loaded                                                                          00:15 +1 -13: /disk2/Test/rtm_visit_tracker/test/widget/visit_list_screen_test.dart: displays visits when VisitBloc is loaded                                                                          
══╡ EXCEPTION CAUGHT BY WIDGETS LIBRARY ╞═══════════════════════════════════════════════════════════
The following MissingStubError was thrown building _InheritedProviderScope<CustomerBloc?>:
'stream'
No stub was found which matches the arguments of this method call:
stream

Add a stub for this method using Mockito's 'when' API, or generate the MockVisitBloc mock with the
@GenerateNiceMocks annotation (see
https://pub.dev/documentation/mockito/latest/annotations/MockSpec-class.html).

The relevant error-causing widget was:
  _InheritedProviderScope<CustomerBloc?>
  _InheritedProviderScope:file:///home/joeli/.pub-cache/hosted/pub.dev/provider-6.1.5/lib/src/inherited_provider.dart:164:12

When the exception was thrown, this was the stack:
#0      Mock._noSuchMethod (package:mockito/src/mock.dart:192:7)
#1      Mock.noSuchMethod (package:mockito/src/mock.dart:186:47)
#2      MockVisitBloc.stream (file:///disk2/Test/rtm_visit_tracker/test/widget/visit_list_screen_test.mocks.dart:163:51)
#3      BlocProvider._startListening (package:flutter_bloc/src/bloc_provider.dart:140:32)
#4      _ValueInheritedProviderState.value (package:provider/src/inherited_provider.dart:939:50)
#5      _InheritedProviderScopeElement.value (package:provider/src/inherited_provider.dart:603:33)
#6      Provider.of (package:provider/src/provider.dart:337:37)
#7      ReadContext.read (package:provider/src/provider.dart:683:21)
#8      VisitListScreenState.initState (package:rtm_visit_tracker/features/visits/presentation/screens/visit_list_screen.dart:26:13)
#9      StatefulElement._firstBuild (package:flutter/src/widgets/framework.dart:5860:55)
#10     ComponentElement.mount (package:flutter/src/widgets/framework.dart:5709:5)
...     Normal element mounting (7 frames)
#17     _InheritedProviderScopeElement.mount (package:provider/src/inherited_provider.dart:424:11)
...     Normal element mounting (7 frames)
#24     SingleChildWidgetElementMixin.mount (package:nested/nested.dart:222:11)
...     Normal element mounting (7 frames)
#31     SingleChildWidgetElementMixin.mount (package:nested/nested.dart:222:11)
...     Normal element mounting (7 frames)
#38     _NestedHookElement.mount (package:nested/nested.dart:187:11)
...     Normal element mounting (7 frames)
#45     _InheritedProviderScopeElement.mount (package:provider/src/inherited_provider.dart:424:11)
...     Normal element mounting (7 frames)
#52     SingleChildWidgetElementMixin.mount (package:nested/nested.dart:222:11)
...     Normal element mounting (7 frames)
#59     SingleChildWidgetElementMixin.mount (package:nested/nested.dart:222:11)
...     Normal element mounting (7 frames)
#66     _NestedHookElement.mount (package:nested/nested.dart:187:11)
...     Normal element mounting (7 frames)
#73     SingleChildWidgetElementMixin.mount (package:nested/nested.dart:222:11)
...     Normal element mounting (228 frames)
#301    Element.inflateWidget (package:flutter/src/widgets/framework.dart:4555:16)
#302    MultiChildRenderObjectElement.inflateWidget (package:flutter/src/widgets/framework.dart:7178:36)
#303    MultiChildRenderObjectElement.mount (package:flutter/src/widgets/framework.dart:7194:32)
...     Normal element mounting (457 frames)
#760    Element.inflateWidget (package:flutter/src/widgets/framework.dart:4555:16)
#761    Element.updateChild (package:flutter/src/widgets/framework.dart:4014:20)
#762    ComponentElement.performRebuild (package:flutter/src/widgets/framework.dart:5756:16)
#763    Element.rebuild (package:flutter/src/widgets/framework.dart:5445:7)
#764    ProxyElement.update (package:flutter/src/widgets/framework.dart:6059:5)
#765    _InheritedNotifierElement.update (package:flutter/src/widgets/inherited_notifier.dart:108:11)
#766    Element.updateChild (package:flutter/src/widgets/framework.dart:3998:15)
#767    ComponentElement.performRebuild (package:flutter/src/widgets/framework.dart:5756:16)
#768    StatefulElement.performRebuild (package:flutter/src/widgets/framework.dart:5892:11)
#769    Element.rebuild (package:flutter/src/widgets/framework.dart:5445:7)
#770    StatefulElement.update (package:flutter/src/widgets/framework.dart:5917:5)
#771    Element.updateChild (package:flutter/src/widgets/framework.dart:3998:15)
#772    ComponentElement.performRebuild (package:flutter/src/widgets/framework.dart:5756:16)
#773    Element.rebuild (package:flutter/src/widgets/framework.dart:5445:7)
#774    ProxyElement.update (package:flutter/src/widgets/framework.dart:6059:5)
#775    _InheritedNotifierElement.update (package:flutter/src/widgets/inherited_notifier.dart:108:11)
#776    Element.updateChild (package:flutter/src/widgets/framework.dart:3998:15)
#777    ComponentElement.performRebuild (package:flutter/src/widgets/framework.dart:5756:16)
#778    StatefulElement.performRebuild (package:flutter/src/widgets/framework.dart:5892:11)
#779    Element.rebuild (package:flutter/src/widgets/framework.dart:5445:7)
#780    StatefulElement.update (package:flutter/src/widgets/framework.dart:5917:5)
#781    Element.updateChild (package:flutter/src/widgets/framework.dart:3998:15)
#782    ComponentElement.performRebuild (package:flutter/src/widgets/framework.dart:5756:16)
#783    StatefulElement.performRebuild (package:flutter/src/widgets/framework.dart:5892:11)
#784    Element.rebuild (package:flutter/src/widgets/framework.dart:5445:7)
#785    StatefulElement.update (package:flutter/src/widgets/framework.dart:5917:5)
#786    Element.updateChild (package:flutter/src/widgets/framework.dart:3998:15)
#787    ComponentElement.performRebuild (package:flutter/src/widgets/framework.dart:5756:16)
#788    Element.rebuild (package:flutter/src/widgets/framework.dart:5445:7)
#789    ProxyElement.update (package:flutter/src/widgets/framework.dart:6059:5)
#790    Element.updateChild (package:flutter/src/widgets/framework.dart:3998:15)
#791    ComponentElement.performRebuild (package:flutter/src/widgets/framework.dart:5756:16)
#792    StatefulElement.performRebuild (package:flutter/src/widgets/framework.dart:5892:11)
#793    Element.rebuild (package:flutter/src/widgets/framework.dart:5445:7)
#794    StatefulElement.update (package:flutter/src/widgets/framework.dart:5917:5)
#795    Element.updateChild (package:flutter/src/widgets/framework.dart:3998:15)
#796    ComponentElement.performRebuild (package:flutter/src/widgets/framework.dart:5756:16)
#797    Element.rebuild (package:flutter/src/widgets/framework.dart:5445:7)
#798    ProxyElement.update (package:flutter/src/widgets/framework.dart:6059:5)
#799    Element.updateChild (package:flutter/src/widgets/framework.dart:3998:15)
#800    ComponentElement.performRebuild (package:flutter/src/widgets/framework.dart:5756:16)
#801    Element.rebuild (package:flutter/src/widgets/framework.dart:5445:7)
#802    ProxyElement.update (package:flutter/src/widgets/framework.dart:6059:5)
#803    Element.updateChild (package:flutter/src/widgets/framework.dart:3998:15)
#804    _RawViewElement._updateChild (package:flutter/src/widgets/view.dart:481:16)
#805    _RawViewElement.update (package:flutter/src/widgets/view.dart:569:5)
#806    Element.updateChild (package:flutter/src/widgets/framework.dart:3998:15)
#807    ComponentElement.performRebuild (package:flutter/src/widgets/framework.dart:5756:16)
#808    Element.rebuild (package:flutter/src/widgets/framework.dart:5445:7)
#809    StatelessElement.update (package:flutter/src/widgets/framework.dart:5805:5)
#810    Element.updateChild (package:flutter/src/widgets/framework.dart:3998:15)
#811    ComponentElement.performRebuild (package:flutter/src/widgets/framework.dart:5756:16)
#812    StatefulElement.performRebuild (package:flutter/src/widgets/framework.dart:5892:11)
#813    Element.rebuild (package:flutter/src/widgets/framework.dart:5445:7)
#814    StatefulElement.update (package:flutter/src/widgets/framework.dart:5917:5)
#815    Element.updateChild (package:flutter/src/widgets/framework.dart:3998:15)
#816    RootElement._rebuild (package:flutter/src/widgets/binding.dart:1687:16)
#817    RootElement.update (package:flutter/src/widgets/binding.dart:1665:5)
#818    RootElement.performRebuild (package:flutter/src/widgets/binding.dart:1679:7)
#819    Element.rebuild (package:flutter/src/widgets/framework.dart:5445:7)
#820    BuildScope._tryRebuild (package:flutter/src/widgets/framework.dart:2704:15)
#821    BuildScope._flushDirtyElements (package:flutter/src/widgets/framework.dart:2762:11)
#822    BuildOwner.buildScope (package:flutter/src/widgets/framework.dart:3066:18)
#823    AutomatedTestWidgetsFlutterBinding.drawFrame (package:flutter_test/src/binding.dart:1495:19)
#824    RendererBinding._handlePersistentFrameCallback (package:flutter/src/rendering/binding.dart:482:5)
#825    SchedulerBinding._invokeFrameCallback (package:flutter/src/scheduler/binding.dart:1442:15)
#826    SchedulerBinding.handleDrawFrame (package:flutter/src/scheduler/binding.dart:1355:9)
#827    AutomatedTestWidgetsFlutterBinding.pump.<anonymous closure> (package:flutter_test/src/binding.dart:1340:9)
#830    TestAsyncUtils.guard (package:flutter_test/src/test_async_utils.dart:74:41)
#831    AutomatedTestWidgetsFlutterBinding.pump (package:flutter_test/src/binding.dart:1329:27)
#832    WidgetTester.pumpWidget.<anonymous closure> (package:flutter_test/src/widget_tester.dart:599:22)
#835    TestAsyncUtils.guard (package:flutter_test/src/test_async_utils.dart:74:41)
#836    WidgetTester.pumpWidget (package:flutter_test/src/widget_tester.dart:596:27)
#837    main.<anonymous closure> (file:///disk2/Test/rtm_visit_tracker/test/widget/visit_list_screen_test.dart:67:18)
#838    testWidgets.<anonymous closure>.<anonymous closure> (package:flutter_test/src/widget_tester.dart:193:29)
<asynchronous suspension>
#839    TestWidgetsFlutterBinding._runTestBody (package:flutter_test/src/binding.dart:1064:5)
<asynchronous suspension>
<asynchronous suspension>
(elided 5 frames from dart:async and package:stack_trace)

════════════════════════════════════════════════════════════════════════════════════════════════════
══╡ EXCEPTION CAUGHT BY FLUTTER TEST FRAMEWORK ╞════════════════════════════════════════════════════
The following TestFailure was thrown running a test:
Expected: exactly one matching candidate
  Actual: _TextWidgetFinder:<Found 0 widgets with text "Unknown": []>
   Which: means none were found but one was expected

When the exception was thrown, this was the stack:
#4      main.<anonymous closure> (file:///disk2/Test/rtm_visit_tracker/test/widget/visit_list_screen_test.dart:71:5)
<asynchronous suspension>
#5      testWidgets.<anonymous closure>.<anonymous closure> (package:flutter_test/src/widget_tester.dart:193:15)
<asynchronous suspension>
#6      TestWidgetsFlutterBinding._runTestBody (package:flutter_test/src/binding.dart:1064:5)
<asynchronous suspension>
<asynchronous suspension>
(elided one frame from package:stack_trace)

This was caught by the test expectation on the following line:
  file:///disk2/Test/rtm_visit_tracker/test/widget/visit_list_screen_test.dart line 71
The test description was:
  displays visits when VisitBloc is loaded
════════════════════════════════════════════════════════════════════════════════════════════════════
══╡ EXCEPTION CAUGHT BY FLUTTER TEST FRAMEWORK ╞════════════════════════════════════════════════════
The following message was thrown:
Multiple exceptions (2) were detected during the running of the current test, and at least one was
unexpected.
════════════════════════════════════════════════════════════════════════════════════════════════════
00:15 +1 -14: /disk2/Test/rtm_visit_tracker/test/widget/visit_list_screen_test.dart: displays visits when VisitBloc is loaded [E]                                                                      
  Test failed. See exception logs above.
  The test description was: displays visits when VisitBloc is loaded
  

To run this test again: /usr/local/flutter/bin/cache/dart-sdk/bin/dart test /disk2/Test/rtm_visit_tracker/test/widget/visit_list_screen_test.dart -p vm --plain-name 'displays visits when VisitBloc is loaded'
00:15 +1 -14: /disk2/Test/rtm_visit_tracker/test/widget/visit_list_screen_test.dart: displays error message when VisitBloc has error                                                                   00:15 +1 -14: /disk2/Test/rtm_visit_tracker/test/widget/visit_list_screen_test.dart: displays error message when VisitBloc has error                                                                   
══╡ EXCEPTION CAUGHT BY WIDGETS LIBRARY ╞═══════════════════════════════════════════════════════════
The following MissingStubError was thrown building _InheritedProviderScope<CustomerBloc?>:
'stream'
No stub was found which matches the arguments of this method call:
stream

Add a stub for this method using Mockito's 'when' API, or generate the MockVisitBloc mock with the
@GenerateNiceMocks annotation (see
https://pub.dev/documentation/mockito/latest/annotations/MockSpec-class.html).

The relevant error-causing widget was:
  _InheritedProviderScope<CustomerBloc?>
  _InheritedProviderScope:file:///home/joeli/.pub-cache/hosted/pub.dev/provider-6.1.5/lib/src/inherited_provider.dart:164:12

When the exception was thrown, this was the stack:
#0      Mock._noSuchMethod (package:mockito/src/mock.dart:192:7)
#1      Mock.noSuchMethod (package:mockito/src/mock.dart:186:47)
#2      MockVisitBloc.stream (file:///disk2/Test/rtm_visit_tracker/test/widget/visit_list_screen_test.mocks.dart:163:51)
#3      BlocProvider._startListening (package:flutter_bloc/src/bloc_provider.dart:140:32)
#4      _ValueInheritedProviderState.value (package:provider/src/inherited_provider.dart:939:50)
#5      _InheritedProviderScopeElement.value (package:provider/src/inherited_provider.dart:603:33)
#6      Provider.of (package:provider/src/provider.dart:337:37)
#7      ReadContext.read (package:provider/src/provider.dart:683:21)
#8      VisitListScreenState.initState (package:rtm_visit_tracker/features/visits/presentation/screens/visit_list_screen.dart:26:13)
#9      StatefulElement._firstBuild (package:flutter/src/widgets/framework.dart:5860:55)
#10     ComponentElement.mount (package:flutter/src/widgets/framework.dart:5709:5)
...     Normal element mounting (7 frames)
#17     _InheritedProviderScopeElement.mount (package:provider/src/inherited_provider.dart:424:11)
...     Normal element mounting (7 frames)
#24     SingleChildWidgetElementMixin.mount (package:nested/nested.dart:222:11)
...     Normal element mounting (7 frames)
#31     SingleChildWidgetElementMixin.mount (package:nested/nested.dart:222:11)
...     Normal element mounting (7 frames)
#38     _NestedHookElement.mount (package:nested/nested.dart:187:11)
...     Normal element mounting (7 frames)
#45     _InheritedProviderScopeElement.mount (package:provider/src/inherited_provider.dart:424:11)
...     Normal element mounting (7 frames)
#52     SingleChildWidgetElementMixin.mount (package:nested/nested.dart:222:11)
...     Normal element mounting (7 frames)
#59     SingleChildWidgetElementMixin.mount (package:nested/nested.dart:222:11)
...     Normal element mounting (7 frames)
#66     _NestedHookElement.mount (package:nested/nested.dart:187:11)
...     Normal element mounting (7 frames)
#73     SingleChildWidgetElementMixin.mount (package:nested/nested.dart:222:11)
...     Normal element mounting (228 frames)
#301    Element.inflateWidget (package:flutter/src/widgets/framework.dart:4555:16)
#302    MultiChildRenderObjectElement.inflateWidget (package:flutter/src/widgets/framework.dart:7178:36)
#303    MultiChildRenderObjectElement.mount (package:flutter/src/widgets/framework.dart:7194:32)
...     Normal element mounting (457 frames)
#760    Element.inflateWidget (package:flutter/src/widgets/framework.dart:4555:16)
#761    Element.updateChild (package:flutter/src/widgets/framework.dart:4014:20)
#762    ComponentElement.performRebuild (package:flutter/src/widgets/framework.dart:5756:16)
#763    Element.rebuild (package:flutter/src/widgets/framework.dart:5445:7)
#764    ProxyElement.update (package:flutter/src/widgets/framework.dart:6059:5)
#765    _InheritedNotifierElement.update (package:flutter/src/widgets/inherited_notifier.dart:108:11)
#766    Element.updateChild (package:flutter/src/widgets/framework.dart:3998:15)
#767    ComponentElement.performRebuild (package:flutter/src/widgets/framework.dart:5756:16)
#768    StatefulElement.performRebuild (package:flutter/src/widgets/framework.dart:5892:11)
#769    Element.rebuild (package:flutter/src/widgets/framework.dart:5445:7)
#770    StatefulElement.update (package:flutter/src/widgets/framework.dart:5917:5)
#771    Element.updateChild (package:flutter/src/widgets/framework.dart:3998:15)
#772    ComponentElement.performRebuild (package:flutter/src/widgets/framework.dart:5756:16)
#773    Element.rebuild (package:flutter/src/widgets/framework.dart:5445:7)
#774    ProxyElement.update (package:flutter/src/widgets/framework.dart:6059:5)
#775    _InheritedNotifierElement.update (package:flutter/src/widgets/inherited_notifier.dart:108:11)
#776    Element.updateChild (package:flutter/src/widgets/framework.dart:3998:15)
#777    ComponentElement.performRebuild (package:flutter/src/widgets/framework.dart:5756:16)
#778    StatefulElement.performRebuild (package:flutter/src/widgets/framework.dart:5892:11)
#779    Element.rebuild (package:flutter/src/widgets/framework.dart:5445:7)
#780    StatefulElement.update (package:flutter/src/widgets/framework.dart:5917:5)
#781    Element.updateChild (package:flutter/src/widgets/framework.dart:3998:15)
#782    ComponentElement.performRebuild (package:flutter/src/widgets/framework.dart:5756:16)
#783    StatefulElement.performRebuild (package:flutter/src/widgets/framework.dart:5892:11)
#784    Element.rebuild (package:flutter/src/widgets/framework.dart:5445:7)
#785    StatefulElement.update (package:flutter/src/widgets/framework.dart:5917:5)
#786    Element.updateChild (package:flutter/src/widgets/framework.dart:3998:15)
#787    ComponentElement.performRebuild (package:flutter/src/widgets/framework.dart:5756:16)
#788    Element.rebuild (package:flutter/src/widgets/framework.dart:5445:7)
#789    ProxyElement.update (package:flutter/src/widgets/framework.dart:6059:5)
#790    Element.updateChild (package:flutter/src/widgets/framework.dart:3998:15)
#791    ComponentElement.performRebuild (package:flutter/src/widgets/framework.dart:5756:16)
#792    StatefulElement.performRebuild (package:flutter/src/widgets/framework.dart:5892:11)
#793    Element.rebuild (package:flutter/src/widgets/framework.dart:5445:7)
#794    StatefulElement.update (package:flutter/src/widgets/framework.dart:5917:5)
#795    Element.updateChild (package:flutter/src/widgets/framework.dart:3998:15)
#796    ComponentElement.performRebuild (package:flutter/src/widgets/framework.dart:5756:16)
#797    Element.rebuild (package:flutter/src/widgets/framework.dart:5445:7)
#798    ProxyElement.update (package:flutter/src/widgets/framework.dart:6059:5)
#799    Element.updateChild (package:flutter/src/widgets/framework.dart:3998:15)
#800    ComponentElement.performRebuild (package:flutter/src/widgets/framework.dart:5756:16)
#801    Element.rebuild (package:flutter/src/widgets/framework.dart:5445:7)
#802    ProxyElement.update (package:flutter/src/widgets/framework.dart:6059:5)
#803    Element.updateChild (package:flutter/src/widgets/framework.dart:3998:15)
#804    _RawViewElement._updateChild (package:flutter/src/widgets/view.dart:481:16)
#805    _RawViewElement.update (package:flutter/src/widgets/view.dart:569:5)
#806    Element.updateChild (package:flutter/src/widgets/framework.dart:3998:15)
#807    ComponentElement.performRebuild (package:flutter/src/widgets/framework.dart:5756:16)
#808    Element.rebuild (package:flutter/src/widgets/framework.dart:5445:7)
#809    StatelessElement.update (package:flutter/src/widgets/framework.dart:5805:5)
#810    Element.updateChild (package:flutter/src/widgets/framework.dart:3998:15)
#811    ComponentElement.performRebuild (package:flutter/src/widgets/framework.dart:5756:16)
#812    StatefulElement.performRebuild (package:flutter/src/widgets/framework.dart:5892:11)
#813    Element.rebuild (package:flutter/src/widgets/framework.dart:5445:7)
#814    StatefulElement.update (package:flutter/src/widgets/framework.dart:5917:5)
#815    Element.updateChild (package:flutter/src/widgets/framework.dart:3998:15)
#816    RootElement._rebuild (package:flutter/src/widgets/binding.dart:1687:16)
#817    RootElement.update (package:flutter/src/widgets/binding.dart:1665:5)
#818    RootElement.performRebuild (package:flutter/src/widgets/binding.dart:1679:7)
#819    Element.rebuild (package:flutter/src/widgets/framework.dart:5445:7)
#820    BuildScope._tryRebuild (package:flutter/src/widgets/framework.dart:2704:15)
#821    BuildScope._flushDirtyElements (package:flutter/src/widgets/framework.dart:2762:11)
#822    BuildOwner.buildScope (package:flutter/src/widgets/framework.dart:3066:18)
#823    AutomatedTestWidgetsFlutterBinding.drawFrame (package:flutter_test/src/binding.dart:1495:19)
#824    RendererBinding._handlePersistentFrameCallback (package:flutter/src/rendering/binding.dart:482:5)
#825    SchedulerBinding._invokeFrameCallback (package:flutter/src/scheduler/binding.dart:1442:15)
#826    SchedulerBinding.handleDrawFrame (package:flutter/src/scheduler/binding.dart:1355:9)
#827    AutomatedTestWidgetsFlutterBinding.pump.<anonymous closure> (package:flutter_test/src/binding.dart:1340:9)
#830    TestAsyncUtils.guard (package:flutter_test/src/test_async_utils.dart:74:41)
#831    AutomatedTestWidgetsFlutterBinding.pump (package:flutter_test/src/binding.dart:1329:27)
#832    WidgetTester.pumpWidget.<anonymous closure> (package:flutter_test/src/widget_tester.dart:599:22)
#835    TestAsyncUtils.guard (package:flutter_test/src/test_async_utils.dart:74:41)
#836    WidgetTester.pumpWidget (package:flutter_test/src/widget_tester.dart:596:27)
#837    main.<anonymous closure> (file:///disk2/Test/rtm_visit_tracker/test/widget/visit_list_screen_test.dart:81:18)
#838    testWidgets.<anonymous closure>.<anonymous closure> (package:flutter_test/src/widget_tester.dart:193:29)
<asynchronous suspension>
#839    TestWidgetsFlutterBinding._runTestBody (package:flutter_test/src/binding.dart:1064:5)
<asynchronous suspension>
<asynchronous suspension>
(elided 5 frames from dart:async and package:stack_trace)

════════════════════════════════════════════════════════════════════════════════════════════════════
══╡ EXCEPTION CAUGHT BY FLUTTER TEST FRAMEWORK ╞════════════════════════════════════════════════════
The following TestFailure was thrown running a test:
Expected: exactly one matching candidate
  Actual: _TextWidgetFinder:<Found 0 widgets with text "Failed to load visits": []>
   Which: means none were found but one was expected

When the exception was thrown, this was the stack:
#4      main.<anonymous closure> (file:///disk2/Test/rtm_visit_tracker/test/widget/visit_list_screen_test.dart:85:5)
<asynchronous suspension>
#5      testWidgets.<anonymous closure>.<anonymous closure> (package:flutter_test/src/widget_tester.dart:193:15)
<asynchronous suspension>
#6      TestWidgetsFlutterBinding._runTestBody (package:flutter_test/src/binding.dart:1064:5)
<asynchronous suspension>
<asynchronous suspension>
(elided one frame from package:stack_trace)

This was caught by the test expectation on the following line:
  file:///disk2/Test/rtm_visit_tracker/test/widget/visit_list_screen_test.dart line 85
The test description was:
  displays error message when VisitBloc has error
════════════════════════════════════════════════════════════════════════════════════════════════════
══╡ EXCEPTION CAUGHT BY FLUTTER TEST FRAMEWORK ╞════════════════════════════════════════════════════
The following message was thrown:
Multiple exceptions (2) were detected during the running of the current test, and at least one was
unexpected.
════════════════════════════════════════════════════════════════════════════════════════════════════
00:15 +1 -15: /disk2/Test/rtm_visit_tracker/test/widget/visit_list_screen_test.dart: displays error message when VisitBloc has error [E]                                                               
  Test failed. See exception logs above.
  The test description was: displays error message when VisitBloc has error
  

To run this test again: /usr/local/flutter/bin/cache/dart-sdk/bin/dart test /disk2/Test/rtm_visit_tracker/test/widget/visit_list_screen_test.dart -p vm --plain-name 'displays error message when VisitBloc has error'
00:15 +1 -15: /disk2/Test/rtm_visit_tracker/test/widget/visit_list_screen_test.dart: navigates to visit form when add button is tapped                                                                 00:15 +1 -15: /disk2/Test/rtm_visit_tracker/test/widget/visit_list_screen_test.dart: navigates to visit form when add button is tapped                                                                 
══╡ EXCEPTION CAUGHT BY WIDGETS LIBRARY ╞═══════════════════════════════════════════════════════════
The following MissingStubError was thrown building _InheritedProviderScope<CustomerBloc?>:
'stream'
No stub was found which matches the arguments of this method call:
stream

Add a stub for this method using Mockito's 'when' API, or generate the MockVisitBloc mock with the
@GenerateNiceMocks annotation (see
https://pub.dev/documentation/mockito/latest/annotations/MockSpec-class.html).

The relevant error-causing widget was:
  _InheritedProviderScope<CustomerBloc?>
  _InheritedProviderScope:file:///home/joeli/.pub-cache/hosted/pub.dev/provider-6.1.5/lib/src/inherited_provider.dart:164:12

When the exception was thrown, this was the stack:
#0      Mock._noSuchMethod (package:mockito/src/mock.dart:192:7)
#1      Mock.noSuchMethod (package:mockito/src/mock.dart:186:47)
#2      MockVisitBloc.stream (file:///disk2/Test/rtm_visit_tracker/test/widget/visit_list_screen_test.mocks.dart:163:51)
#3      BlocProvider._startListening (package:flutter_bloc/src/bloc_provider.dart:140:32)
#4      _ValueInheritedProviderState.value (package:provider/src/inherited_provider.dart:939:50)
#5      _InheritedProviderScopeElement.value (package:provider/src/inherited_provider.dart:603:33)
#6      Provider.of (package:provider/src/provider.dart:337:37)
#7      ReadContext.read (package:provider/src/provider.dart:683:21)
#8      VisitListScreenState.initState (package:rtm_visit_tracker/features/visits/presentation/screens/visit_list_screen.dart:26:13)
#9      StatefulElement._firstBuild (package:flutter/src/widgets/framework.dart:5860:55)
#10     ComponentElement.mount (package:flutter/src/widgets/framework.dart:5709:5)
...     Normal element mounting (7 frames)
#17     _InheritedProviderScopeElement.mount (package:provider/src/inherited_provider.dart:424:11)
...     Normal element mounting (7 frames)
#24     SingleChildWidgetElementMixin.mount (package:nested/nested.dart:222:11)
...     Normal element mounting (7 frames)
#31     SingleChildWidgetElementMixin.mount (package:nested/nested.dart:222:11)
...     Normal element mounting (7 frames)
#38     _NestedHookElement.mount (package:nested/nested.dart:187:11)
...     Normal element mounting (7 frames)
#45     _InheritedProviderScopeElement.mount (package:provider/src/inherited_provider.dart:424:11)
...     Normal element mounting (7 frames)
#52     SingleChildWidgetElementMixin.mount (package:nested/nested.dart:222:11)
...     Normal element mounting (7 frames)
#59     SingleChildWidgetElementMixin.mount (package:nested/nested.dart:222:11)
...     Normal element mounting (7 frames)
#66     _NestedHookElement.mount (package:nested/nested.dart:187:11)
...     Normal element mounting (7 frames)
#73     SingleChildWidgetElementMixin.mount (package:nested/nested.dart:222:11)
...     Normal element mounting (228 frames)
#301    Element.inflateWidget (package:flutter/src/widgets/framework.dart:4555:16)
#302    MultiChildRenderObjectElement.inflateWidget (package:flutter/src/widgets/framework.dart:7178:36)
#303    MultiChildRenderObjectElement.mount (package:flutter/src/widgets/framework.dart:7194:32)
...     Normal element mounting (457 frames)
#760    Element.inflateWidget (package:flutter/src/widgets/framework.dart:4555:16)
#761    Element.updateChild (package:flutter/src/widgets/framework.dart:4014:20)
#762    ComponentElement.performRebuild (package:flutter/src/widgets/framework.dart:5756:16)
#763    Element.rebuild (package:flutter/src/widgets/framework.dart:5445:7)
#764    ProxyElement.update (package:flutter/src/widgets/framework.dart:6059:5)
#765    _InheritedNotifierElement.update (package:flutter/src/widgets/inherited_notifier.dart:108:11)
#766    Element.updateChild (package:flutter/src/widgets/framework.dart:3998:15)
#767    ComponentElement.performRebuild (package:flutter/src/widgets/framework.dart:5756:16)
#768    StatefulElement.performRebuild (package:flutter/src/widgets/framework.dart:5892:11)
#769    Element.rebuild (package:flutter/src/widgets/framework.dart:5445:7)
#770    StatefulElement.update (package:flutter/src/widgets/framework.dart:5917:5)
#771    Element.updateChild (package:flutter/src/widgets/framework.dart:3998:15)
#772    ComponentElement.performRebuild (package:flutter/src/widgets/framework.dart:5756:16)
#773    Element.rebuild (package:flutter/src/widgets/framework.dart:5445:7)
#774    ProxyElement.update (package:flutter/src/widgets/framework.dart:6059:5)
#775    _InheritedNotifierElement.update (package:flutter/src/widgets/inherited_notifier.dart:108:11)
#776    Element.updateChild (package:flutter/src/widgets/framework.dart:3998:15)
#777    ComponentElement.performRebuild (package:flutter/src/widgets/framework.dart:5756:16)
#778    StatefulElement.performRebuild (package:flutter/src/widgets/framework.dart:5892:11)
#779    Element.rebuild (package:flutter/src/widgets/framework.dart:5445:7)
#780    StatefulElement.update (package:flutter/src/widgets/framework.dart:5917:5)
#781    Element.updateChild (package:flutter/src/widgets/framework.dart:3998:15)
#782    ComponentElement.performRebuild (package:flutter/src/widgets/framework.dart:5756:16)
#783    StatefulElement.performRebuild (package:flutter/src/widgets/framework.dart:5892:11)
#784    Element.rebuild (package:flutter/src/widgets/framework.dart:5445:7)
#785    StatefulElement.update (package:flutter/src/widgets/framework.dart:5917:5)
#786    Element.updateChild (package:flutter/src/widgets/framework.dart:3998:15)
#787    ComponentElement.performRebuild (package:flutter/src/widgets/framework.dart:5756:16)
#788    Element.rebuild (package:flutter/src/widgets/framework.dart:5445:7)
#789    ProxyElement.update (package:flutter/src/widgets/framework.dart:6059:5)
#790    Element.updateChild (package:flutter/src/widgets/framework.dart:3998:15)
#791    ComponentElement.performRebuild (package:flutter/src/widgets/framework.dart:5756:16)
#792    StatefulElement.performRebuild (package:flutter/src/widgets/framework.dart:5892:11)
#793    Element.rebuild (package:flutter/src/widgets/framework.dart:5445:7)
#794    StatefulElement.update (package:flutter/src/widgets/framework.dart:5917:5)
#795    Element.updateChild (package:flutter/src/widgets/framework.dart:3998:15)
#796    ComponentElement.performRebuild (package:flutter/src/widgets/framework.dart:5756:16)
#797    Element.rebuild (package:flutter/src/widgets/framework.dart:5445:7)
#798    ProxyElement.update (package:flutter/src/widgets/framework.dart:6059:5)
#799    Element.updateChild (package:flutter/src/widgets/framework.dart:3998:15)
#800    ComponentElement.performRebuild (package:flutter/src/widgets/framework.dart:5756:16)
#801    Element.rebuild (package:flutter/src/widgets/framework.dart:5445:7)
#802    ProxyElement.update (package:flutter/src/widgets/framework.dart:6059:5)
#803    Element.updateChild (package:flutter/src/widgets/framework.dart:3998:15)
#804    _RawViewElement._updateChild (package:flutter/src/widgets/view.dart:481:16)
#805    _RawViewElement.update (package:flutter/src/widgets/view.dart:569:5)
#806    Element.updateChild (package:flutter/src/widgets/framework.dart:3998:15)
#807    ComponentElement.performRebuild (package:flutter/src/widgets/framework.dart:5756:16)
#808    Element.rebuild (package:flutter/src/widgets/framework.dart:5445:7)
#809    StatelessElement.update (package:flutter/src/widgets/framework.dart:5805:5)
#810    Element.updateChild (package:flutter/src/widgets/framework.dart:3998:15)
#811    ComponentElement.performRebuild (package:flutter/src/widgets/framework.dart:5756:16)
#812    StatefulElement.performRebuild (package:flutter/src/widgets/framework.dart:5892:11)
#813    Element.rebuild (package:flutter/src/widgets/framework.dart:5445:7)
#814    StatefulElement.update (package:flutter/src/widgets/framework.dart:5917:5)
#815    Element.updateChild (package:flutter/src/widgets/framework.dart:3998:15)
#816    RootElement._rebuild (package:flutter/src/widgets/binding.dart:1687:16)
#817    RootElement.update (package:flutter/src/widgets/binding.dart:1665:5)
#818    RootElement.performRebuild (package:flutter/src/widgets/binding.dart:1679:7)
#819    Element.rebuild (package:flutter/src/widgets/framework.dart:5445:7)
#820    BuildScope._tryRebuild (package:flutter/src/widgets/framework.dart:2704:15)
#821    BuildScope._flushDirtyElements (package:flutter/src/widgets/framework.dart:2762:11)
#822    BuildOwner.buildScope (package:flutter/src/widgets/framework.dart:3066:18)
#823    AutomatedTestWidgetsFlutterBinding.drawFrame (package:flutter_test/src/binding.dart:1495:19)
#824    RendererBinding._handlePersistentFrameCallback (package:flutter/src/rendering/binding.dart:482:5)
#825    SchedulerBinding._invokeFrameCallback (package:flutter/src/scheduler/binding.dart:1442:15)
#826    SchedulerBinding.handleDrawFrame (package:flutter/src/scheduler/binding.dart:1355:9)
#827    AutomatedTestWidgetsFlutterBinding.pump.<anonymous closure> (package:flutter_test/src/binding.dart:1340:9)
#830    TestAsyncUtils.guard (package:flutter_test/src/test_async_utils.dart:74:41)
#831    AutomatedTestWidgetsFlutterBinding.pump (package:flutter_test/src/binding.dart:1329:27)
#832    WidgetTester.pumpWidget.<anonymous closure> (package:flutter_test/src/widget_tester.dart:599:22)
#835    TestAsyncUtils.guard (package:flutter_test/src/test_async_utils.dart:74:41)
#836    WidgetTester.pumpWidget (package:flutter_test/src/widget_tester.dart:596:27)
#837    main.<anonymous closure> (file:///disk2/Test/rtm_visit_tracker/test/widget/visit_list_screen_test.dart:94:18)
#838    testWidgets.<anonymous closure>.<anonymous closure> (package:flutter_test/src/widget_tester.dart:193:29)
<asynchronous suspension>
#839    TestWidgetsFlutterBinding._runTestBody (package:flutter_test/src/binding.dart:1064:5)
<asynchronous suspension>
<asynchronous suspension>
(elided 5 frames from dart:async and package:stack_trace)

════════════════════════════════════════════════════════════════════════════════════════════════════
══╡ EXCEPTION CAUGHT BY FLUTTER TEST FRAMEWORK ╞════════════════════════════════════════════════════
The following assertion was thrown running a test:
The finder "Found 0 widgets with icon "IconData(U+0E047)": []" (used in a call to "tap()") could not
find any matching widgets.

When the exception was thrown, this was the stack:
#0      WidgetController._getElementPoint (package:flutter_test/src/controller.dart:2009:7)
#1      WidgetController.getCenter (package:flutter_test/src/controller.dart:1861:12)
#2      WidgetController.tap (package:flutter_test/src/controller.dart:1041:7)
#3      main.<anonymous closure> (file:///disk2/Test/rtm_visit_tracker/test/widget/visit_list_screen_test.dart:96:18)
<asynchronous suspension>
#4      testWidgets.<anonymous closure>.<anonymous closure> (package:flutter_test/src/widget_tester.dart:193:15)
<asynchronous suspension>
#5      TestWidgetsFlutterBinding._runTestBody (package:flutter_test/src/binding.dart:1064:5)
<asynchronous suspension>
<asynchronous suspension>
(elided one frame from package:stack_trace)

The test description was:
  navigates to visit form when add button is tapped
════════════════════════════════════════════════════════════════════════════════════════════════════
══╡ EXCEPTION CAUGHT BY FLUTTER TEST FRAMEWORK ╞════════════════════════════════════════════════════
The following message was thrown:
Multiple exceptions (2) were detected during the running of the current test, and at least one was
unexpected.
════════════════════════════════════════════════════════════════════════════════════════════════════
00:15 +1 -16: /disk2/Test/rtm_visit_tracker/test/widget/visit_list_screen_test.dart: navigates to visit form when add button is tapped [E]                                                             
  Test failed. See exception logs above.
  The test description was: navigates to visit form when add button is tapped
  

To run this test again: /usr/local/flutter/bin/cache/dart-sdk/bin/dart test /disk2/Test/rtm_visit_tracker/test/widget/visit_list_screen_test.dart -p vm --plain-name 'navigates to visit form when add button is tapped'
00:15 +1 -16: Some tests failed.                                                                                                                                                                       
